// HOW TO ADD THE CERTIFICATE IN HOST LEVEL AND ELB
Discussed 

// PING THE NEW SERVER:
ubuntu@ansible-master:~$ ping <Ansible-Agent1-IP>

// SSH TO NEW SERVER:
ubuntu@ansible-master:~$ ssh <IP>
// ERROR

// ADD THE PUB KEY FOR BETTER HANDSHAKE
// ADD THE “$ cat ~/.ssh/id_rsa.pub” AND CROSS VERIFY
ubuntu@ansible-agent3:~/.ssh$ cat authorized_keys 

// SUCCESSFULLY SSH:
ubuntu@ansible-master:~$ ssh 172.31.27.113
// DONE

//NOTE:
Master won’t be WINDOWS it should be Linux(MacOS, Ubuntu,etc…)

// CROSS VERIFY THE PIP VERSION WHILE INSTALLING THE AWS CLI:
$ pip —version
pip 18.1 …..

// INSTALL PYTHON EACH MACHINE
ubuntu@ansible-agent3:~$ python --version
The program 'python' can be found in the following packages:
 * python-minimal
 * python3
Try: sudo apt install <selected package>
ubuntu@ansible-agent3:~$ sudo apt-get update
ubuntu@ansible-agent3:~$ sudo apt-get install python-minimal
ubuntu@ansible-agent3:~$ python --version
Python 2.7.12

// INSTALL ANSIBLE ON MASTER
// https://www.digitalocean.com/community/tutorials/how-to-install-and-configure-ansible-on-ubuntu-16-04
$ sudo apt-add-repository ppa:ansible/ansible
$ sudo apt-get update
$ sudo apt-get install ansible
$ ansible --version
ansible 2.7.5
  config file = /etc/ansible/ansible.cfg
  configured module search path = [u'/home/ubuntu/.ansible/plugins/modules', u'/usr/share/ansible/plugins/modules']
  ansible python module location = /usr/lib/python2.7/dist-packages/ansible
  executable location = /usr/bin/ansible
  python version = 2.7.12 (default, Nov 12 2018, 14:36:49) [GCC 5.4.0 20160609]


// INSTALL ONE EDITOR EITHER VISUAL STUDIO OR ATOM

// INSTALL VISUAL STUDIO FOR UBUNTU:
// https://websiteforstudents.com/install-visual-studio-code-on-ubuntu-16-04-18-04/
$ sudo apt install snap
$ sudo snap install vscode --classic
// Don’t forget to install git…
$ sudo apt install git
// HOW TO START VISUAL STUDIO:
$ pwd
$ code .

// INSTALL ATOM:
// http://tipsonubuntu.com/2016/08/05/install-atom-text-editor-ubuntu-16-04/
// https://atom.io/		: Official WebSite
// INSTALL ATOM ON UBUNTU:
$ sudo add-apt-repository ppa:webupd8team/atom
$ sudo apt update 
$ sudo apt install atom

